
Wed Feb 14                                                             page    1
                               Sesion1Ejercicio1
             Lectores de Salamanca que realizaron préstamos en 2011

NOMBRE               APE_1                APE_2                                 
-------------------- -------------------- --------------------                  
LUIS                 ALVAREZ              MARTIN                                
FEDERICO             HERNANDEZ            REYES                                 
FRANCISCO JOSE       MURIEL               ALONSO                                
ANTONIO              PRIETO               MARCOS                                
ANTONIO              RAMOS                GARCIA                                
CAROLINA             SERRANO              PEREZ                                 
RAQUEL               MADRID               LOPEZ                                 

Wed Feb 14                                                             page    2
                               Sesion1Ejercicio1
             Lectores de Salamanca que realizaron préstamos en 2011

NOMBRE               APE_1                APE_2                                 
-------------------- -------------------- --------------------                  
M.CARMEN             MORENO               HERNANDEZ                             
M.ISABEL             IGLESIA              GARCIA                                
M.MAR                GOMEZ                MORAN                                 
JESUS                BORGES               ENRIQUEZ                              
MANUEL               GASTON               BURILLO                               
LUIS                 ALVAREZ              BENITO                                
JOSE MIGUEL          PARDO                RIVAS                                 

Wed Feb 14                                                             page    3
                               Sesion1Ejercicio1
             Lectores de Salamanca que realizaron préstamos en 2011

NOMBRE               APE_1                APE_2                                 
-------------------- -------------------- --------------------                  
SANTIAGO             GUTIERREZ            ALONSO                                
FRANCISCO            RAMOS                DIEZ                                  
PEDRO                PEREZ                GONZALEZ                              
LEONARDO             MIGUEL               RUBIO                                 

18 rows selected.

